../Drivers/STM32G0xx_HAL_Driver/Src/stm32g0xx_hal_timebase_rtc_alarm_template.c:110:19:HAL_InitTick	200	static
../Drivers/STM32G0xx_HAL_Driver/Src/stm32g0xx_hal_timebase_rtc_alarm_template.c:294:6:HAL_SuspendTick	0	static
../Drivers/STM32G0xx_HAL_Driver/Src/stm32g0xx_hal_timebase_rtc_alarm_template.c:309:6:HAL_ResumeTick	0	static
../Drivers/STM32G0xx_HAL_Driver/Src/stm32g0xx_hal_timebase_rtc_alarm_template.c:327:6:HAL_RTC_AlarmAEventCallback	8	static
../Drivers/STM32G0xx_HAL_Driver/Src/stm32g0xx_hal_timebase_rtc_alarm_template.c:336:6:RTC_TAMP_IRQHandler	8	static
