../Core/Src/bme680.c:1106:14:calc_temperature	24	static
../Core/Src/bme680.c:1136:14:calc_pressure	32	static
../Core/Src/bme680.c:1173:14:calc_humidity	24	static
../Core/Src/bme680.c:1214:14:calc_gas_resistance	152	static
../Core/Src/bme680.c:1241:14:calc_heater_res	24	static
../Core/Src/bme680.c:1278:16:calc_heater_dur	0	static
../Core/Src/bme680.c:1419:15:boundary_check	12	static
../Core/Src/bme680.c:1447:15:null_ptr_check	0	static
../Core/Src/bme680.c:1358:15:set_mem_page	32	static
../Core/Src/bme680.c:1397:15:get_mem_page	32	static
../Core/Src/bme680.c:1268:15:calc_altitude	8	static
../Core/Src/bme680.c:315:8:bus_write	24	static
../Core/Src/bme680.c:326:8:bus_read	24	static
../Core/Src/bme680.c:340:8:bme680_get_regs	40	static
../Core/Src/bme680.c:765:15:get_calib_data	72	static
../Core/Src/bme680.c:895:15:get_gas_config	16	static
../Core/Src/bme680.c:1298:15:read_field_data	64	static
../Core/Src/bme680.c:366:8:bme680_set_regs	88	static
../Core/Src/bme680.c:864:15:set_gas_config	16	static
../Core/Src/bme680.c:406:8:bme680_soft_reset	24	static
../Core/Src/bme680.c:291:8:bme680_init	8	static
../Core/Src/bme680.c:573:8:bme680_get_sensor_settings	24	static
../Core/Src/bme680.c:628:8:bme680_set_sensor_mode	24	static
../Core/Src/bme680.c:439:8:bme680_set_sensor_settings	40	static
../Core/Src/bme680.c:668:8:bme680_get_sensor_mode	24	static
../Core/Src/bme680.c:686:6:bme680_set_profile_dur	24	static
../Core/Src/bme680.c:710:6:bme680_get_profile_dur	24	static
../Core/Src/bme680.c:742:8:bme680_get_sensor_data	16	static
