../Core/Src/bme680.c:887:16:calc_temperature	24	static
../Core/Src/bme680.c:907:17:calc_pressure	16	static
../Core/Src/bme680.c:948:17:calc_humidity	24	static
../Core/Src/bme680.c:984:17:calc_gas_resistance	152	static
../Core/Src/bme680.c:1013:16:calc_heater_res	24	static
../Core/Src/bme680.c:1199:16:calc_heater_dur	0	static
../Core/Src/bme680.c:1337:15:boundary_check	12	static
../Core/Src/bme680.c:1365:15:null_ptr_check	0	static
../Core/Src/bme680.c:1276:15:set_mem_page	32	static
../Core/Src/bme680.c:1315:15:get_mem_page	32	static
../Core/Src/bme680.c:303:8:bus_write	24	static
../Core/Src/bme680.c:313:8:bus_read	24	static
../Core/Src/bme680.c:326:8:bme680_get_regs	40	static
../Core/Src/bme680.c:739:15:get_calib_data	72	static
../Core/Src/bme680.c:850:15:get_gas_config	16	static
../Core/Src/bme680.c:1220:15:read_field_data	64	static
../Core/Src/bme680.c:351:8:bme680_set_regs	88	static
../Core/Src/bme680.c:818:15:set_gas_config	16	static
../Core/Src/bme680.c:390:8:bme680_soft_reset	24	static
../Core/Src/bme680.c:278:8:bme680_init	8	static
../Core/Src/bme680.c:548:8:bme680_get_sensor_settings	24	static
../Core/Src/bme680.c:600:8:bme680_set_sensor_mode	24	static
../Core/Src/bme680.c:424:8:bme680_set_sensor_settings	40	static
../Core/Src/bme680.c:639:8:bme680_get_sensor_mode	24	static
../Core/Src/bme680.c:658:6:bme680_set_profile_dur	24	static
../Core/Src/bme680.c:683:6:bme680_get_profile_dur	24	static
../Core/Src/bme680.c:716:8:bme680_get_sensor_data	16	static
