../Core/Src/lsm6dsrx_reg.c:49:9:lsm6dsrx_read_reg	8	static
../Core/Src/lsm6dsrx_reg.c:70:9:lsm6dsrx_write_reg	8	static
../Core/Src/lsm6dsrx_reg.c:93:9:lsm6dsrx_from_fs2g_to_mg	8	static
../Core/Src/lsm6dsrx_reg.c:98:9:lsm6dsrx_from_fs4g_to_mg	8	static
../Core/Src/lsm6dsrx_reg.c:103:9:lsm6dsrx_from_fs8g_to_mg	8	static
../Core/Src/lsm6dsrx_reg.c:108:9:lsm6dsrx_from_fs16g_to_mg	8	static
../Core/Src/lsm6dsrx_reg.c:113:9:lsm6dsrx_from_fs125dps_to_mdps	8	static
../Core/Src/lsm6dsrx_reg.c:118:9:lsm6dsrx_from_fs250dps_to_mdps	8	static
../Core/Src/lsm6dsrx_reg.c:123:9:lsm6dsrx_from_fs500dps_to_mdps	8	static
../Core/Src/lsm6dsrx_reg.c:128:9:lsm6dsrx_from_fs1000dps_to_mdps	8	static
../Core/Src/lsm6dsrx_reg.c:133:9:lsm6dsrx_from_fs2000dps_to_mdps	8	static
../Core/Src/lsm6dsrx_reg.c:138:9:lsm6dsrx_from_fs4000dps_to_mdps	8	static
../Core/Src/lsm6dsrx_reg.c:143:9:lsm6dsrx_from_lsb_to_celsius	8	static
../Core/Src/lsm6dsrx_reg.c:148:9:lsm6dsrx_from_lsb_to_nsec	8	static
../Core/Src/lsm6dsrx_reg.c:174:9:lsm6dsrx_xl_full_scale_set	24	static
../Core/Src/lsm6dsrx_reg.c:200:9:lsm6dsrx_xl_full_scale_get	24	static
../Core/Src/lsm6dsrx_reg.c:499:9:lsm6dsrx_xl_data_rate_get	24	static
../Core/Src/lsm6dsrx_reg.c:573:9:lsm6dsrx_gy_full_scale_set	24	static
../Core/Src/lsm6dsrx_reg.c:598:9:lsm6dsrx_gy_full_scale_get	24	static
../Core/Src/lsm6dsrx_reg.c:904:9:lsm6dsrx_gy_data_rate_get	24	static
../Core/Src/lsm6dsrx_reg.c:974:9:lsm6dsrx_block_data_update_set	24	static
../Core/Src/lsm6dsrx_reg.c:998:9:lsm6dsrx_block_data_update_get	24	static
../Core/Src/lsm6dsrx_reg.c:1019:9:lsm6dsrx_xl_offset_weight_set	24	static
../Core/Src/lsm6dsrx_reg.c:1045:9:lsm6dsrx_xl_offset_weight_get	24	static
../Core/Src/lsm6dsrx_reg.c:1079:9:lsm6dsrx_xl_power_mode_set	24	static
../Core/Src/lsm6dsrx_reg.c:1104:9:lsm6dsrx_xl_power_mode_get	24	static
../Core/Src/lsm6dsrx_reg.c:1138:9:lsm6dsrx_gy_power_mode_set	24	static
../Core/Src/lsm6dsrx_reg.c:1163:9:lsm6dsrx_gy_power_mode_get	24	static
../Core/Src/lsm6dsrx_reg.c:1276:9:lsm6dsrx_status_reg_get	8	static
../Core/Src/lsm6dsrx_reg.c:1294:9:lsm6dsrx_xl_flag_data_ready_get	24	static
../Core/Src/lsm6dsrx_reg.c:1315:9:lsm6dsrx_gy_flag_data_ready_get	24	static
../Core/Src/lsm6dsrx_reg.c:1336:9:lsm6dsrx_temp_flag_data_ready_get	24	static
../Core/Src/lsm6dsrx_reg.c:1359:9:lsm6dsrx_xl_usr_offset_x_set	8	static
../Core/Src/lsm6dsrx_reg.c:1378:9:lsm6dsrx_xl_usr_offset_x_get	8	static
../Core/Src/lsm6dsrx_reg.c:1397:9:lsm6dsrx_xl_usr_offset_y_set	8	static
../Core/Src/lsm6dsrx_reg.c:1416:9:lsm6dsrx_xl_usr_offset_y_get	8	static
../Core/Src/lsm6dsrx_reg.c:1435:9:lsm6dsrx_xl_usr_offset_z_set	8	static
../Core/Src/lsm6dsrx_reg.c:1454:9:lsm6dsrx_xl_usr_offset_z_get	8	static
../Core/Src/lsm6dsrx_reg.c:1471:9:lsm6dsrx_xl_usr_offset_set	24	static
../Core/Src/lsm6dsrx_reg.c:1495:9:lsm6dsrx_xl_usr_offset_get	24	static
../Core/Src/lsm6dsrx_reg.c:1526:9:lsm6dsrx_timestamp_rst	16	static
../Core/Src/lsm6dsrx_reg.c:1540:9:lsm6dsrx_timestamp_set	24	static
../Core/Src/lsm6dsrx_reg.c:1565:9:lsm6dsrx_timestamp_get	24	static
../Core/Src/lsm6dsrx_reg.c:1586:9:lsm6dsrx_timestamp_raw_get	24	static
../Core/Src/lsm6dsrx_reg.c:1620:9:lsm6dsrx_rounding_mode_set	24	static
../Core/Src/lsm6dsrx_reg.c:1645:9:lsm6dsrx_rounding_mode_get	24	static
../Core/Src/lsm6dsrx_reg.c:1689:9:lsm6dsrx_temperature_raw_get	16	static
../Core/Src/lsm6dsrx_reg.c:1710:9:lsm6dsrx_angular_rate_raw_get	16	static
../Core/Src/lsm6dsrx_reg.c:1735:9:lsm6dsrx_acceleration_raw_get	16	static
../Core/Src/lsm6dsrx_reg.c:1759:9:lsm6dsrx_fifo_out_raw_get	8	static
../Core/Src/lsm6dsrx_reg.c:1855:9:lsm6dsrx_odr_cal_reg_set	24	static
../Core/Src/lsm6dsrx_reg.c:1883:9:lsm6dsrx_odr_cal_reg_get	24	static
../Core/Src/lsm6dsrx_reg.c:1904:9:lsm6dsrx_mem_bank_set	24	static
../Core/Src/lsm6dsrx_reg.c:1199:9:lsm6dsrx_all_sources_get	16	static
../Core/Src/lsm6dsrx_reg.c:1776:9:lsm6dsrx_number_of_steps_get	24	static
../Core/Src/lsm6dsrx_reg.c:1805:9:lsm6dsrx_steps_reset	16	static
../Core/Src/lsm6dsrx_reg.c:1932:9:lsm6dsrx_mem_bank_get	24	static
../Core/Src/lsm6dsrx_reg.c:1972:9:lsm6dsrx_ln_pg_write_byte	32	static
../Core/Src/lsm6dsrx_reg.c:2047:9:lsm6dsrx_ln_pg_write	48	static
../Core/Src/lsm6dsrx_reg.c:2157:9:lsm6dsrx_ln_pg_read_byte	32	static
../Core/Src/lsm6dsrx_reg.c:2231:9:lsm6dsrx_data_ready_mode_set	24	static
../Core/Src/lsm6dsrx_reg.c:2259:9:lsm6dsrx_data_ready_mode_get	24	static
../Core/Src/lsm6dsrx_reg.c:2294:9:lsm6dsrx_device_id_get	8	static
../Core/Src/lsm6dsrx_reg.c:2311:9:lsm6dsrx_reset_set	24	static
../Core/Src/lsm6dsrx_reg.c:2335:9:lsm6dsrx_reset_get	24	static
../Core/Src/lsm6dsrx_reg.c:2355:9:lsm6dsrx_auto_increment_set	24	static
../Core/Src/lsm6dsrx_reg.c:2380:9:lsm6dsrx_auto_increment_get	24	static
../Core/Src/lsm6dsrx_reg.c:2399:9:lsm6dsrx_boot_set	24	static
../Core/Src/lsm6dsrx_reg.c:2423:9:lsm6dsrx_boot_get	24	static
../Core/Src/lsm6dsrx_reg.c:2444:9:lsm6dsrx_xl_self_test_set	24	static
../Core/Src/lsm6dsrx_reg.c:2469:9:lsm6dsrx_xl_self_test_get	24	static
../Core/Src/lsm6dsrx_reg.c:2507:9:lsm6dsrx_gy_self_test_set	24	static
../Core/Src/lsm6dsrx_reg.c:2532:9:lsm6dsrx_gy_self_test_get	24	static
../Core/Src/lsm6dsrx_reg.c:2583:9:lsm6dsrx_xl_filter_lp2_set	24	static
../Core/Src/lsm6dsrx_reg.c:2608:9:lsm6dsrx_xl_filter_lp2_get	24	static
../Core/Src/lsm6dsrx_reg.c:2628:9:lsm6dsrx_gy_filter_lp1_set	24	static
../Core/Src/lsm6dsrx_reg.c:2653:9:lsm6dsrx_gy_filter_lp1_get	24	static
../Core/Src/lsm6dsrx_reg.c:2673:9:lsm6dsrx_filter_settling_mask_set	24	static
../Core/Src/lsm6dsrx_reg.c:2699:9:lsm6dsrx_filter_settling_mask_get	24	static
../Core/Src/lsm6dsrx_reg.c:2719:9:lsm6dsrx_gy_lp1_bandwidth_set	24	static
../Core/Src/lsm6dsrx_reg.c:2744:9:lsm6dsrx_gy_lp1_bandwidth_get	24	static
../Core/Src/lsm6dsrx_reg.c:2802:9:lsm6dsrx_xl_lp2_on_6d_set	24	static
../Core/Src/lsm6dsrx_reg.c:2827:9:lsm6dsrx_xl_lp2_on_6d_get	24	static
../Core/Src/lsm6dsrx_reg.c:2847:9:lsm6dsrx_xl_hp_path_on_out_set	24	static
../Core/Src/lsm6dsrx_reg.c:2876:9:lsm6dsrx_xl_hp_path_on_out_get	24	static
../Core/Src/lsm6dsrx_reg.c:2998:9:lsm6dsrx_xl_fast_settling_set	24	static
../Core/Src/lsm6dsrx_reg.c:3025:9:lsm6dsrx_xl_fast_settling_get	24	static
../Core/Src/lsm6dsrx_reg.c:3045:9:lsm6dsrx_xl_hp_path_internal_set	24	static
../Core/Src/lsm6dsrx_reg.c:3072:9:lsm6dsrx_xl_hp_path_internal_get	24	static
../Core/Src/lsm6dsrx_reg.c:3107:9:lsm6dsrx_gy_hp_path_internal_set	24	static
../Core/Src/lsm6dsrx_reg.c:3134:9:lsm6dsrx_gy_hp_path_internal_get	24	static
../Core/Src/lsm6dsrx_reg.c:3194:9:lsm6dsrx_aux_sdo_ocs_mode_set	24	static
../Core/Src/lsm6dsrx_reg.c:3221:9:lsm6dsrx_aux_sdo_ocs_mode_get	24	static
../Core/Src/lsm6dsrx_reg.c:3255:9:lsm6dsrx_aux_pw_on_ctrl_set	24	static
../Core/Src/lsm6dsrx_reg.c:3281:9:lsm6dsrx_aux_pw_on_ctrl_get	24	static
../Core/Src/lsm6dsrx_reg.c:3315:9:lsm6dsrx_aux_status_reg_get	8	static
../Core/Src/lsm6dsrx_reg.c:3333:9:lsm6dsrx_aux_xl_flag_data_ready_get	24	static
../Core/Src/lsm6dsrx_reg.c:3354:9:lsm6dsrx_aux_gy_flag_data_ready_get	24	static
../Core/Src/lsm6dsrx_reg.c:3375:9:lsm6dsrx_aux_gy_flag_settling_get	24	static
../Core/Src/lsm6dsrx_reg.c:3397:9:lsm6dsrx_aux_xl_self_test_set	24	static
../Core/Src/lsm6dsrx_reg.c:3423:9:lsm6dsrx_aux_xl_self_test_get	24	static
../Core/Src/lsm6dsrx_reg.c:3461:9:lsm6dsrx_aux_den_polarity_set	24	static
../Core/Src/lsm6dsrx_reg.c:3486:9:lsm6dsrx_aux_den_polarity_get	24	static
../Core/Src/lsm6dsrx_reg.c:3520:9:lsm6dsrx_aux_den_mode_set	24	static
../Core/Src/lsm6dsrx_reg.c:3559:9:lsm6dsrx_aux_den_mode_get	24	static
../Core/Src/lsm6dsrx_reg.c:3605:9:lsm6dsrx_aux_drdy_on_int2_set	24	static
../Core/Src/lsm6dsrx_reg.c:3630:9:lsm6dsrx_aux_drdy_on_int2_get	24	static
../Core/Src/lsm6dsrx_reg.c:3654:9:lsm6dsrx_aux_mode_set	24	static
../Core/Src/lsm6dsrx_reg.c:3688:9:lsm6dsrx_aux_mode_get	24	static
../Core/Src/lsm6dsrx_reg.c:3727:9:lsm6dsrx_aux_gy_full_scale_set	24	static
../Core/Src/lsm6dsrx_reg.c:3755:9:lsm6dsrx_aux_gy_full_scale_get	24	static
../Core/Src/lsm6dsrx_reg.c:3802:9:lsm6dsrx_aux_spi_mode_set	24	static
../Core/Src/lsm6dsrx_reg.c:3829:9:lsm6dsrx_aux_spi_mode_get	24	static
../Core/Src/lsm6dsrx_reg.c:3864:9:lsm6dsrx_aux_gy_lp1_bandwidth_set	24	static
../Core/Src/lsm6dsrx_reg.c:3891:9:lsm6dsrx_aux_gy_lp1_bandwidth_get	24	static
../Core/Src/lsm6dsrx_reg.c:3934:9:lsm6dsrx_aux_gy_hp_bandwidth_set	24	static
../Core/Src/lsm6dsrx_reg.c:3962:9:lsm6dsrx_aux_gy_hp_bandwidth_get	24	static
../Core/Src/lsm6dsrx_reg.c:4011:9:lsm6dsrx_aux_gy_clamp_set	24	static
../Core/Src/lsm6dsrx_reg.c:4040:9:lsm6dsrx_aux_gy_clamp_get	24	static
../Core/Src/lsm6dsrx_reg.c:4075:9:lsm6dsrx_aux_gy_self_test_set	24	static
../Core/Src/lsm6dsrx_reg.c:4102:9:lsm6dsrx_aux_gy_self_test_get	24	static
../Core/Src/lsm6dsrx_reg.c:4141:9:lsm6dsrx_aux_xl_bandwidth_set	24	static
../Core/Src/lsm6dsrx_reg.c:4168:9:lsm6dsrx_aux_xl_bandwidth_get	24	static
../Core/Src/lsm6dsrx_reg.c:4227:9:lsm6dsrx_aux_xl_full_scale_set	24	static
../Core/Src/lsm6dsrx_reg.c:4254:9:lsm6dsrx_aux_xl_full_scale_get	24	static
../Core/Src/lsm6dsrx_reg.c:4310:9:lsm6dsrx_sdo_sa0_mode_set	24	static
../Core/Src/lsm6dsrx_reg.c:4335:9:lsm6dsrx_sdo_sa0_mode_get	24	static
../Core/Src/lsm6dsrx_reg.c:4369:9:lsm6dsrx_int1_mode_set	24	static
../Core/Src/lsm6dsrx_reg.c:4396:9:lsm6dsrx_int1_mode_get	24	static
../Core/Src/lsm6dsrx_reg.c:4431:9:lsm6dsrx_spi_mode_set	24	static
../Core/Src/lsm6dsrx_reg.c:4455:9:lsm6dsrx_spi_mode_get	24	static
../Core/Src/lsm6dsrx_reg.c:4488:9:lsm6dsrx_i2c_interface_set	24	static
../Core/Src/lsm6dsrx_reg.c:4513:9:lsm6dsrx_i2c_interface_get	24	static
../Core/Src/lsm6dsrx_reg.c:4547:9:lsm6dsrx_i3c_disable_set	24	static
../Core/Src/lsm6dsrx_reg.c:4587:9:lsm6dsrx_i3c_disable_get	24	static
../Core/Src/lsm6dsrx_reg.c:4805:9:lsm6dsrx_pin_int1_route_get	16	static
../Core/Src/lsm6dsrx_reg.c:4864:9:lsm6dsrx_pin_int2_route_set	32	static
../Core/Src/lsm6dsrx_reg.c:5014:9:lsm6dsrx_pin_int2_route_get	16	static
../Core/Src/lsm6dsrx_reg.c:4654:9:lsm6dsrx_pin_int1_route_set	32	static
../Core/Src/lsm6dsrx_reg.c:5073:9:lsm6dsrx_pin_mode_set	24	static
../Core/Src/lsm6dsrx_reg.c:5097:9:lsm6dsrx_pin_mode_get	24	static
../Core/Src/lsm6dsrx_reg.c:5131:9:lsm6dsrx_pin_polarity_set	24	static
../Core/Src/lsm6dsrx_reg.c:5156:9:lsm6dsrx_pin_polarity_get	24	static
../Core/Src/lsm6dsrx_reg.c:5190:9:lsm6dsrx_all_on_int1_set	24	static
../Core/Src/lsm6dsrx_reg.c:5214:9:lsm6dsrx_all_on_int1_get	24	static
../Core/Src/lsm6dsrx_reg.c:5233:9:lsm6dsrx_int_notification_set	24	static
../Core/Src/lsm6dsrx_reg.c:5282:9:lsm6dsrx_int_notification_get	24	static
../Core/Src/lsm6dsrx_reg.c:5356:9:lsm6dsrx_wkup_ths_weight_set	24	static
../Core/Src/lsm6dsrx_reg.c:5385:9:lsm6dsrx_wkup_ths_weight_get	24	static
../Core/Src/lsm6dsrx_reg.c:5421:9:lsm6dsrx_wkup_threshold_set	24	static
../Core/Src/lsm6dsrx_reg.c:5448:9:lsm6dsrx_wkup_threshold_get	24	static
../Core/Src/lsm6dsrx_reg.c:5468:9:lsm6dsrx_xl_usr_offset_on_wkup_set	24	static
../Core/Src/lsm6dsrx_reg.c:5495:9:lsm6dsrx_xl_usr_offset_on_wkup_get	24	static
../Core/Src/lsm6dsrx_reg.c:5516:9:lsm6dsrx_wkup_dur_set	24	static
../Core/Src/lsm6dsrx_reg.c:5542:9:lsm6dsrx_wkup_dur_get	24	static
../Core/Src/lsm6dsrx_reg.c:5575:9:lsm6dsrx_gy_sleep_mode_set	24	static
../Core/Src/lsm6dsrx_reg.c:5599:9:lsm6dsrx_gy_sleep_mode_get	24	static
../Core/Src/lsm6dsrx_reg.c:5620:9:lsm6dsrx_act_pin_notification_set	24	static
../Core/Src/lsm6dsrx_reg.c:5648:9:lsm6dsrx_act_pin_notification_get	24	static
../Core/Src/lsm6dsrx_reg.c:5682:9:lsm6dsrx_act_mode_set	24	static
../Core/Src/lsm6dsrx_reg.c:5707:9:lsm6dsrx_act_mode_get	24	static
../Core/Src/lsm6dsrx_reg.c:5749:9:lsm6dsrx_act_sleep_dur_set	24	static
../Core/Src/lsm6dsrx_reg.c:5775:9:lsm6dsrx_act_sleep_dur_get	24	static
../Core/Src/lsm6dsrx_reg.c:5808:9:lsm6dsrx_tap_detection_on_z_set	24	static
../Core/Src/lsm6dsrx_reg.c:5834:9:lsm6dsrx_tap_detection_on_z_get	24	static
../Core/Src/lsm6dsrx_reg.c:5854:9:lsm6dsrx_tap_detection_on_y_set	24	static
../Core/Src/lsm6dsrx_reg.c:5880:9:lsm6dsrx_tap_detection_on_y_get	24	static
../Core/Src/lsm6dsrx_reg.c:5900:9:lsm6dsrx_tap_detection_on_x_set	24	static
../Core/Src/lsm6dsrx_reg.c:5926:9:lsm6dsrx_tap_detection_on_x_get	24	static
../Core/Src/lsm6dsrx_reg.c:5946:9:lsm6dsrx_tap_threshold_x_set	24	static
../Core/Src/lsm6dsrx_reg.c:5971:9:lsm6dsrx_tap_threshold_x_get	24	static
../Core/Src/lsm6dsrx_reg.c:5990:9:lsm6dsrx_tap_axis_priority_set	24	static
../Core/Src/lsm6dsrx_reg.c:6015:9:lsm6dsrx_tap_axis_priority_get	24	static
../Core/Src/lsm6dsrx_reg.c:6065:9:lsm6dsrx_tap_threshold_y_set	24	static
../Core/Src/lsm6dsrx_reg.c:6090:9:lsm6dsrx_tap_threshold_y_get	24	static
../Core/Src/lsm6dsrx_reg.c:6109:9:lsm6dsrx_tap_threshold_z_set	24	static
../Core/Src/lsm6dsrx_reg.c:6135:9:lsm6dsrx_tap_threshold_z_get	24	static
../Core/Src/lsm6dsrx_reg.c:6159:9:lsm6dsrx_tap_shock_set	24	static
../Core/Src/lsm6dsrx_reg.c:6188:9:lsm6dsrx_tap_shock_get	24	static
../Core/Src/lsm6dsrx_reg.c:6211:9:lsm6dsrx_tap_quiet_set	24	static
../Core/Src/lsm6dsrx_reg.c:6240:9:lsm6dsrx_tap_quiet_get	24	static
../Core/Src/lsm6dsrx_reg.c:6265:9:lsm6dsrx_tap_dur_set	24	static
../Core/Src/lsm6dsrx_reg.c:6294:9:lsm6dsrx_tap_dur_get	24	static
../Core/Src/lsm6dsrx_reg.c:6313:9:lsm6dsrx_tap_mode_set	24	static
../Core/Src/lsm6dsrx_reg.c:6340:9:lsm6dsrx_tap_mode_get	24	static
../Core/Src/lsm6dsrx_reg.c:6388:9:lsm6dsrx_6d_threshold_set	24	static
../Core/Src/lsm6dsrx_reg.c:6415:9:lsm6dsrx_6d_threshold_get	24	static
../Core/Src/lsm6dsrx_reg.c:6458:9:lsm6dsrx_4d_mode_set	24	static
../Core/Src/lsm6dsrx_reg.c:6484:9:lsm6dsrx_4d_mode_get	24	static
../Core/Src/lsm6dsrx_reg.c:6517:9:lsm6dsrx_ff_threshold_set	24	static
../Core/Src/lsm6dsrx_reg.c:6544:9:lsm6dsrx_ff_threshold_get	24	static
../Core/Src/lsm6dsrx_reg.c:6603:9:lsm6dsrx_ff_dur_set	24	static
../Core/Src/lsm6dsrx_reg.c:6643:9:lsm6dsrx_ff_dur_get	24	static
../Core/Src/lsm6dsrx_reg.c:6684:9:lsm6dsrx_fifo_watermark_set	24	static
../Core/Src/lsm6dsrx_reg.c:6718:9:lsm6dsrx_fifo_watermark_get	24	static
../Core/Src/lsm6dsrx_reg.c:6747:9:lsm6dsrx_compression_algo_init_set	24	static
../Core/Src/lsm6dsrx_reg.c:6785:9:lsm6dsrx_compression_algo_init_get	24	static
../Core/Src/lsm6dsrx_reg.c:6816:9:lsm6dsrx_compression_algo_set	24	static
../Core/Src/lsm6dsrx_reg.c:6872:9:lsm6dsrx_compression_algo_get	24	static
../Core/Src/lsm6dsrx_reg.c:6920:9:lsm6dsrx_fifo_virtual_sens_odr_chg_set	24	static
../Core/Src/lsm6dsrx_reg.c:6947:9:lsm6dsrx_fifo_virtual_sens_odr_chg_get	24	static
../Core/Src/lsm6dsrx_reg.c:6968:9:lsm6dsrx_compression_algo_real_time_set	24	static
../Core/Src/lsm6dsrx_reg.c:6995:9:lsm6dsrx_compression_algo_real_time_get	24	static
../Core/Src/lsm6dsrx_reg.c:7017:9:lsm6dsrx_fifo_stop_on_wtm_set	24	static
../Core/Src/lsm6dsrx_reg.c:7044:9:lsm6dsrx_fifo_stop_on_wtm_get	24	static
../Core/Src/lsm6dsrx_reg.c:7065:9:lsm6dsrx_fifo_xl_batch_set	24	static
../Core/Src/lsm6dsrx_reg.c:7093:9:lsm6dsrx_fifo_xl_batch_get	24	static
../Core/Src/lsm6dsrx_reg.c:7169:9:lsm6dsrx_fifo_gy_batch_set	24	static
../Core/Src/lsm6dsrx_reg.c:7197:9:lsm6dsrx_fifo_gy_batch_get	24	static
../Core/Src/lsm6dsrx_reg.c:7272:9:lsm6dsrx_fifo_mode_set	24	static
../Core/Src/lsm6dsrx_reg.c:7299:9:lsm6dsrx_fifo_mode_get	24	static
../Core/Src/lsm6dsrx_reg.c:7351:9:lsm6dsrx_fifo_temp_batch_set	24	static
../Core/Src/lsm6dsrx_reg.c:7379:9:lsm6dsrx_fifo_temp_batch_get	24	static
../Core/Src/lsm6dsrx_reg.c:7424:9:lsm6dsrx_fifo_timestamp_decimation_set	24	static
../Core/Src/lsm6dsrx_reg.c:7454:9:lsm6dsrx_fifo_timestamp_decimation_get	24	static
../Core/Src/lsm6dsrx_reg.c:7499:9:lsm6dsrx_fifo_cnt_event_batch_set	24	static
../Core/Src/lsm6dsrx_reg.c:7528:9:lsm6dsrx_fifo_cnt_event_batch_get	24	static
../Core/Src/lsm6dsrx_reg.c:7564:9:lsm6dsrx_rst_batch_counter_set	24	static
../Core/Src/lsm6dsrx_reg.c:7591:9:lsm6dsrx_rst_batch_counter_get	24	static
../Core/Src/lsm6dsrx_reg.c:7613:9:lsm6dsrx_batch_counter_threshold_set	24	static
../Core/Src/lsm6dsrx_reg.c:7650:9:lsm6dsrx_batch_counter_threshold_get	24	static
../Core/Src/lsm6dsrx_reg.c:7680:9:lsm6dsrx_fifo_data_level_get	24	static
../Core/Src/lsm6dsrx_reg.c:7708:9:lsm6dsrx_fifo_status_get	8	static
../Core/Src/lsm6dsrx_reg.c:7726:9:lsm6dsrx_fifo_full_flag_get	24	static
../Core/Src/lsm6dsrx_reg.c:7747:9:lsm6dsrx_fifo_ovr_flag_get	24	static
../Core/Src/lsm6dsrx_reg.c:7767:9:lsm6dsrx_fifo_wtm_flag_get	24	static
../Core/Src/lsm6dsrx_reg.c:7787:9:lsm6dsrx_fifo_sensor_tag_get	24	static
../Core/Src/lsm6dsrx_reg.c:7903:9:lsm6dsrx_fifo_pedo_batch_set	24	static
../Core/Src/lsm6dsrx_reg.c:7940:9:lsm6dsrx_fifo_pedo_batch_get	24	static
../Core/Src/lsm6dsrx_reg.c:7970:9:lsm6dsrx_sh_batch_slave_0_set	24	static
../Core/Src/lsm6dsrx_reg.c:8007:9:lsm6dsrx_sh_batch_slave_0_get	24	static
../Core/Src/lsm6dsrx_reg.c:8038:9:lsm6dsrx_sh_batch_slave_1_set	24	static
../Core/Src/lsm6dsrx_reg.c:8075:9:lsm6dsrx_sh_batch_slave_1_get	24	static
../Core/Src/lsm6dsrx_reg.c:8106:9:lsm6dsrx_sh_batch_slave_2_set	24	static
../Core/Src/lsm6dsrx_reg.c:8143:9:lsm6dsrx_sh_batch_slave_2_get	24	static
../Core/Src/lsm6dsrx_reg.c:8174:9:lsm6dsrx_sh_batch_slave_3_set	24	static
../Core/Src/lsm6dsrx_reg.c:8211:9:lsm6dsrx_sh_batch_slave_3_get	24	static
../Core/Src/lsm6dsrx_reg.c:8254:9:lsm6dsrx_den_mode_set	24	static
../Core/Src/lsm6dsrx_reg.c:8279:9:lsm6dsrx_den_mode_get	24	static
../Core/Src/lsm6dsrx_reg.c:8325:9:lsm6dsrx_den_polarity_set	24	static
../Core/Src/lsm6dsrx_reg.c:8351:9:lsm6dsrx_den_polarity_get	24	static
../Core/Src/lsm6dsrx_reg.c:8385:9:lsm6dsrx_den_enable_set	24	static
../Core/Src/lsm6dsrx_reg.c:8411:9:lsm6dsrx_den_enable_get	24	static
../Core/Src/lsm6dsrx_reg.c:8449:9:lsm6dsrx_den_mark_axis_x_set	24	static
../Core/Src/lsm6dsrx_reg.c:8474:9:lsm6dsrx_den_mark_axis_x_get	24	static
../Core/Src/lsm6dsrx_reg.c:8493:9:lsm6dsrx_den_mark_axis_y_set	24	static
../Core/Src/lsm6dsrx_reg.c:8518:9:lsm6dsrx_den_mark_axis_y_get	24	static
../Core/Src/lsm6dsrx_reg.c:8537:9:lsm6dsrx_den_mark_axis_z_set	24	static
../Core/Src/lsm6dsrx_reg.c:8561:9:lsm6dsrx_den_mark_axis_z_get	24	static
../Core/Src/lsm6dsrx_reg.c:8592:9:lsm6dsrx_pedo_sens_set	24	static
../Core/Src/lsm6dsrx_reg.c:8628:9:lsm6dsrx_pedo_sens_get	24	static
../Core/Src/lsm6dsrx_reg.c:8658:9:lsm6dsrx_pedo_step_detect_get	24	static
../Core/Src/lsm6dsrx_reg.c:8688:9:lsm6dsrx_pedo_debounce_steps_set	8	static
../Core/Src/lsm6dsrx_reg.c:8707:9:lsm6dsrx_pedo_debounce_steps_get	8	static
../Core/Src/lsm6dsrx_reg.c:8726:9:lsm6dsrx_pedo_steps_period_set	16	static
../Core/Src/lsm6dsrx_reg.c:8754:9:lsm6dsrx_pedo_steps_period_get	24	static
../Core/Src/lsm6dsrx_reg.c:8783:9:lsm6dsrx_pedo_int_mode_set	24	static
../Core/Src/lsm6dsrx_reg.c:8811:9:lsm6dsrx_pedo_int_mode_get	24	static
../Core/Src/lsm6dsrx_reg.c:8859:9:lsm6dsrx_motion_sens_set	24	static
../Core/Src/lsm6dsrx_reg.c:8895:9:lsm6dsrx_motion_sens_get	24	static
../Core/Src/lsm6dsrx_reg.c:8925:9:lsm6dsrx_motion_flag_data_ready_get	24	static
../Core/Src/lsm6dsrx_reg.c:8969:9:lsm6dsrx_tilt_sens_set	24	static
../Core/Src/lsm6dsrx_reg.c:9005:9:lsm6dsrx_tilt_sens_get	24	static
../Core/Src/lsm6dsrx_reg.c:9035:9:lsm6dsrx_tilt_flag_data_ready_get	24	static
../Core/Src/lsm6dsrx_reg.c:9079:9:lsm6dsrx_mag_sensitivity_set	16	static
../Core/Src/lsm6dsrx_reg.c:9106:9:lsm6dsrx_mag_sensitivity_get	24	static
../Core/Src/lsm6dsrx_reg.c:9133:9:lsm6dsrx_mag_offset_set	24	static
../Core/Src/lsm6dsrx_reg.c:9189:9:lsm6dsrx_mag_offset_get	24	static
../Core/Src/lsm6dsrx_reg.c:9251:9:lsm6dsrx_mag_soft_iron_set	32	static
../Core/Src/lsm6dsrx_reg.c:9354:9:lsm6dsrx_mag_soft_iron_get	32	static
../Core/Src/lsm6dsrx_reg.c:9454:9:lsm6dsrx_mag_z_orient_set	24	static
../Core/Src/lsm6dsrx_reg.c:9482:9:lsm6dsrx_mag_z_orient_get	24	static
../Core/Src/lsm6dsrx_reg.c:9535:9:lsm6dsrx_mag_y_orient_set	24	static
../Core/Src/lsm6dsrx_reg.c:9563:9:lsm6dsrx_mag_y_orient_get	24	static
../Core/Src/lsm6dsrx_reg.c:9615:9:lsm6dsrx_mag_x_orient_set	24	static
../Core/Src/lsm6dsrx_reg.c:9643:9:lsm6dsrx_mag_x_orient_get	24	static
../Core/Src/lsm6dsrx_reg.c:9708:9:lsm6dsrx_long_cnt_flag_data_ready_get	24	static
../Core/Src/lsm6dsrx_reg.c:9739:9:lsm6dsrx_emb_fsm_en_set	24	static
../Core/Src/lsm6dsrx_reg.c:9775:9:lsm6dsrx_emb_fsm_en_get	24	static
../Core/Src/lsm6dsrx_reg.c:9811:9:lsm6dsrx_fsm_enable_set	24	static
../Core/Src/lsm6dsrx_reg.c:9887:9:lsm6dsrx_fsm_enable_get	16	static
../Core/Src/lsm6dsrx_reg.c:9923:9:lsm6dsrx_long_cnt_set	16	static
../Core/Src/lsm6dsrx_reg.c:9954:9:lsm6dsrx_long_cnt_get	24	static
../Core/Src/lsm6dsrx_reg.c:9985:9:lsm6dsrx_long_clr_set	24	static
../Core/Src/lsm6dsrx_reg.c:10022:9:lsm6dsrx_long_clr_get	24	static
../Core/Src/lsm6dsrx_reg.c:10071:9:lsm6dsrx_fsm_out_get	16	static
../Core/Src/lsm6dsrx_reg.c:10100:9:lsm6dsrx_fsm_data_rate_set	24	static
../Core/Src/lsm6dsrx_reg.c:10139:9:lsm6dsrx_fsm_data_rate_get	24	static
../Core/Src/lsm6dsrx_reg.c:10192:9:lsm6dsrx_fsm_init_set	24	static
../Core/Src/lsm6dsrx_reg.c:10228:9:lsm6dsrx_fsm_init_get	24	static
../Core/Src/lsm6dsrx_reg.c:10261:9:lsm6dsrx_long_cnt_int_value_set	16	static
../Core/Src/lsm6dsrx_reg.c:10292:9:lsm6dsrx_long_cnt_int_value_get	24	static
../Core/Src/lsm6dsrx_reg.c:10320:9:lsm6dsrx_fsm_number_of_programs_set	16	static
../Core/Src/lsm6dsrx_reg.c:10344:9:lsm6dsrx_fsm_number_of_programs_get	8	static
../Core/Src/lsm6dsrx_reg.c:10363:9:lsm6dsrx_fsm_start_address_set	16	static
../Core/Src/lsm6dsrx_reg.c:10392:9:lsm6dsrx_fsm_start_address_get	24	static
../Core/Src/lsm6dsrx_reg.c:10434:9:lsm6dsrx_mlc_set	24	static
../Core/Src/lsm6dsrx_reg.c:10481:9:lsm6dsrx_mlc_get	24	static
../Core/Src/lsm6dsrx_reg.c:10509:9:lsm6dsrx_mlc_status_get	8	static
../Core/Src/lsm6dsrx_reg.c:10524:9:lsm6dsrx_mlc_data_rate_set	24	static
../Core/Src/lsm6dsrx_reg.c:10561:9:lsm6dsrx_mlc_data_rate_get	24	static
../Core/Src/lsm6dsrx_reg.c:242:9:lsm6dsrx_xl_data_rate_set	40	static
../Core/Src/lsm6dsrx_reg.c:648:9:lsm6dsrx_gy_data_rate_set	40	static
../Core/Src/lsm6dsrx_reg.c:10613:9:lsm6dsrx_mlc_out_get	16	static
../Core/Src/lsm6dsrx_reg.c:10640:9:lsm6dsrx_mlc_mag_sensitivity_set	16	static
../Core/Src/lsm6dsrx_reg.c:10668:9:lsm6dsrx_mlc_mag_sensitivity_get	24	static
../Core/Src/lsm6dsrx_reg.c:10709:9:lsm6dsrx_sh_read_data_raw_get	16	static
../Core/Src/lsm6dsrx_reg.c:10738:9:lsm6dsrx_sh_slave_connected_set	24	static
../Core/Src/lsm6dsrx_reg.c:10775:9:lsm6dsrx_sh_slave_connected_get	24	static
../Core/Src/lsm6dsrx_reg.c:10828:9:lsm6dsrx_sh_master_set	24	static
../Core/Src/lsm6dsrx_reg.c:10864:9:lsm6dsrx_sh_master_get	24	static
../Core/Src/lsm6dsrx_reg.c:10894:9:lsm6dsrx_sh_pin_mode_set	24	static
../Core/Src/lsm6dsrx_reg.c:10931:9:lsm6dsrx_sh_pin_mode_get	24	static
../Core/Src/lsm6dsrx_reg.c:10976:9:lsm6dsrx_sh_pass_through_set	24	static
../Core/Src/lsm6dsrx_reg.c:11012:9:lsm6dsrx_sh_pass_through_get	24	static
../Core/Src/lsm6dsrx_reg.c:11042:9:lsm6dsrx_sh_syncro_mode_set	24	static
../Core/Src/lsm6dsrx_reg.c:11079:9:lsm6dsrx_sh_syncro_mode_get	24	static
../Core/Src/lsm6dsrx_reg.c:11125:9:lsm6dsrx_sh_write_mode_set	24	static
../Core/Src/lsm6dsrx_reg.c:11163:9:lsm6dsrx_sh_write_mode_get	24	static
../Core/Src/lsm6dsrx_reg.c:11207:9:lsm6dsrx_sh_reset_set	16	static
../Core/Src/lsm6dsrx_reg.c:11250:9:lsm6dsrx_sh_reset_get	24	static
../Core/Src/lsm6dsrx_reg.c:11280:9:lsm6dsrx_sh_data_rate_set	24	static
../Core/Src/lsm6dsrx_reg.c:11317:9:lsm6dsrx_sh_data_rate_get	24	static
../Core/Src/lsm6dsrx_reg.c:11373:9:lsm6dsrx_sh_cfg_write	24	static
../Core/Src/lsm6dsrx_reg.c:11420:9:lsm6dsrx_sh_slv0_cfg_read	24	static
../Core/Src/lsm6dsrx_reg.c:11475:9:lsm6dsrx_sh_slv1_cfg_read	24	static
../Core/Src/lsm6dsrx_reg.c:11529:9:lsm6dsrx_sh_slv2_cfg_read	24	static
../Core/Src/lsm6dsrx_reg.c:11584:9:lsm6dsrx_sh_slv3_cfg_read	24	static
../Core/Src/lsm6dsrx_reg.c:11636:9:lsm6dsrx_sh_status_get	16	static
../Core/Src/lsm6dsrx_reg.c:11677:9:lsm6dsrx_s4s_tph_res_set	24	static
../Core/Src/lsm6dsrx_reg.c:11704:9:lsm6dsrx_s4s_tph_res_get	24	static
../Core/Src/lsm6dsrx_reg.c:11740:9:lsm6dsrx_s4s_tph_val_set	24	static
../Core/Src/lsm6dsrx_reg.c:11780:9:lsm6dsrx_s4s_tph_val_get	24	static
../Core/Src/lsm6dsrx_reg.c:11810:9:lsm6dsrx_s4s_res_ratio_set	24	static
../Core/Src/lsm6dsrx_reg.c:11835:9:lsm6dsrx_s4s_res_ratio_get	24	static
../Core/Src/lsm6dsrx_reg.c:11877:9:lsm6dsrx_s4s_command_set	24	static
../Core/Src/lsm6dsrx_reg.c:11903:9:lsm6dsrx_s4s_command_get	24	static
../Core/Src/lsm6dsrx_reg.c:11923:9:lsm6dsrx_s4s_dt_set	24	static
../Core/Src/lsm6dsrx_reg.c:11949:9:lsm6dsrx_s4s_dt_get	24	static
