../Core/Src/main.c:83:5:main	8	static
../Core/Src/main.c:134:6:SystemClock_Config	88	static
../Core/Src/main.c:175:13:MX_ADC1_Init	24	static
../Core/Src/main.c:234:13:MX_I2C2_Init	8	static
../Core/Src/main.c:282:13:MX_SPI1_Init	8	static
../Core/Src/main.c:322:13:MX_TIM2_Init	48	static
../Core/Src/main.c:371:13:MX_TIM3_Init	48	static
../Core/Src/main.c:428:13:MX_TIM14_Init	8	static
../Core/Src/main.c:459:13:MX_USART1_UART_Init	8	static
../Core/Src/main.c:507:13:MX_USART4_UART_Init	8	static
../Core/Src/main.c:543:13:MX_GPIO_Init	48	static
../Core/Src/main.c:582:6:Error_Handler	8	static,ignoring_inline_asm
