../Core/Src/main.c:1063:13:MX_GPIO_Init	64	static
../Core/Src/main.c:1045:13:MX_DMA_Init	16	static
../Core/Src/main.c:177:5:__io_putchar	16	static
../Core/Src/main.c:1122:6:HAL_TIM_PeriodElapsedCallback	8	static
../Core/Src/main.c:1374:6:process_adc_buffer	48	static
../Core/Src/main.c:1409:6:calculate_calibration	16	static
../Core/Src/main.c:1420:6:HAL_ADC_ConvHalfCpltCallback	8	static
../Core/Src/main.c:1424:6:HAL_ADC_ConvCpltCallback	8	static
../Core/Src/main.c:1428:6:select_sensor	8	static
../Core/Src/main.c:1468:6:deselect_sensors	8	static
../Core/Src/main.c:1474:6:select_camera_port	8	static
../Core/Src/main.c:1495:6:deselect_camera_port	8	static
../Core/Src/main.c:1501:9:Mount_open_SD_Card	8	static
../Core/Src/main.c:1541:6:ON_CAM	8	static
../Core/Src/main.c:1551:6:START_CAM	8	static
../Core/Src/main.c:1593:6:Error_Handler	0	static,ignoring_inline_asm
../Core/Src/main.c:544:13:MX_ADC1_Init	24	static
../Core/Src/main.c:639:13:MX_CRC_Init	8	static
../Core/Src/main.c:670:13:MX_SPI1_Init	8	static
../Core/Src/main.c:963:13:MX_USART1_UART_Init	8	static
../Core/Src/main.c:1011:13:MX_USART4_UART_Init	8	static
../Core/Src/main.c:793:13:MX_TIM15_Init	40	static
../Core/Src/main.c:748:13:MX_TIM14_Init	40	static
../Core/Src/main.c:839:13:MX_TIM16_Init	88	static
../Core/Src/main.c:901:13:MX_TIM17_Init	88	static
../Core/Src/main.c:710:13:MX_TIM7_Init	24	static
../Core/Src/main.c:497:6:SystemClock_Config	80	static
../Core/Src/main.c:188:5:main	216	static
