../Core/Src/main.c:574:13:MX_GPIO_Init	64	static
../Core/Src/main.c:556:13:MX_DMA_Init	16	static
../Core/Src/main.c:98:5:__io_putchar	16	static
../Core/Src/main.c:633:6:process_adc_buffer	16	static
../Core/Src/main.c:655:6:calculate_calibration	16	static
../Core/Src/main.c:667:6:HAL_ADC_ConvHalfCpltCallback	8	static
../Core/Src/main.c:671:6:HAL_ADC_ConvCpltCallback	8	static
../Core/Src/main.c:675:6:select_sensor	8	static
../Core/Src/main.c:715:6:deselect_sensors	8	static
../Core/Src/main.c:721:6:select_camera_port	8	static
../Core/Src/main.c:742:6:deselect_camera_port	8	static
../Core/Src/main.c:753:6:Error_Handler	0	static,ignoring_inline_asm
../Core/Src/main.c:241:13:MX_ADC1_Init	24	static
../Core/Src/main.c:309:13:MX_CRC_Init	8	static
../Core/Src/main.c:340:13:MX_SPI1_Init	8	static
../Core/Src/main.c:426:13:MX_USART1_UART_Init	8	static
../Core/Src/main.c:522:13:MX_USART4_UART_Init	8	static
../Core/Src/main.c:474:13:MX_USART2_UART_Init	8	static
../Core/Src/main.c:380:13:MX_TIM15_Init	40	static
../Core/Src/main.c:194:6:SystemClock_Config	80	static
../Core/Src/main.c:109:5:main	56	static
