../Core/Src/stm32g0xx_hal_msp.c:64:6:HAL_MspInit	8	static
../Core/Src/stm32g0xx_hal_msp.c:86:6:HAL_ADC_MspInit	40	static
../Core/Src/stm32g0xx_hal_msp.c:142:6:HAL_ADC_MspDeInit	8	static
../Core/Src/stm32g0xx_hal_msp.c:177:6:HAL_CRC_MspInit	8	static
../Core/Src/stm32g0xx_hal_msp.c:199:6:HAL_CRC_MspDeInit	0	static
../Core/Src/stm32g0xx_hal_msp.c:221:6:HAL_SPI_MspInit	40	static
../Core/Src/stm32g0xx_hal_msp.c:258:6:HAL_SPI_MspDeInit	8	static
../Core/Src/stm32g0xx_hal_msp.c:288:6:HAL_TIM_Base_MspInit	80	static
../Core/Src/stm32g0xx_hal_msp.c:384:6:HAL_TIM_Base_MspDeInit	8	static
../Core/Src/stm32g0xx_hal_msp.c:465:6:HAL_UART_MspInit	96	static
../Core/Src/stm32g0xx_hal_msp.c:537:6:HAL_UART_MspDeInit	8	static
